NVIDIA A100-SXM4-80GB, 81920 MiB, 590.48.01
pypi 200 0.079535s
Collecting transformers==5.18.0
Collecting accelerate
Collecting pyarrow
Collecting huggingface-hub<3.0,>=1.31.0 (from transformers==5.18.0)
Collecting regex>=2025.10.22 (from transformers==5.18.0)
Collecting tokenizers<0.24.0,>=0.23.1 (from transformers==5.18.0)
Collecting typer (from transformers==5.18.0)
Collecting safetensors>=0.8.0 (from transformers==5.18.0)
Collecting tqdm>=4.60 (from transformers==5.18.0)
Collecting click<9.0.0,>=8.4.2 (from huggingface-hub<3.0,>=1.31.0->transformers==5.18.0)
Collecting hf-xet<2.0.0,>=1.6.0 (from huggingface-hub<3.0,>=1.31.0->transformers==5.18.0)
Collecting httpx2<3,>=2.0.0 (from huggingface-hub<3.0,>=1.31.0->transformers==5.18.0)
Collecting httpcore2==2.13.1 (from httpx2<3,>=2.0.0->huggingface-hub<3.0,>=1.31.0->transformers==5.18.0)
Collecting idna>=3.18 (from httpx2<3,>=2.0.0->huggingface-hub<3.0,>=1.31.0->transformers==5.18.0)
Collecting truststore>=0.10 (from httpx2<3,>=2.0.0->huggingface-hub<3.0,>=1.31.0->transformers==5.18.0)
Collecting huggingface-hub<3.0,>=1.31.0 (from transformers==5.18.0)
Collecting shellingham>=1.3.0 (from typer->transformers==5.18.0)
Collecting rich>=13.8.0 (from typer->transformers==5.18.0)
Collecting annotated-doc>=0.0.2 (from typer->transformers==5.18.0)
Collecting markdown-it-py>=2.2.0 (from rich>=13.8.0->typer->transformers==5.18.0)
Collecting mdurl~=0.1 (from markdown-it-py>=2.2.0->rich>=13.8.0->typer->transformers==5.18.0)
Successfully installed accelerate-1.15.0 annotated-doc-0.0.5 click-8.5.0 hf-xet-1.6.0 huggingface-hub-1.33.0 idna-3.20 markdown-it-py-4.2.0 mdurl-0.1.2 pyarrow-25.0.1 regex-2026.9.29 rich-15.0.0 safetensors-0.8.0 shellingham-1.5.4 tokenizers-0.23.2 tqdm-4.70.1 transformers-5.18.0 typer-0.27.2
torch 2.8.0+cu128 True
2e8c564 phase 17: running coverage (fixes k-anneal scale drift), SVD-initialised temperature-scaled router, longer warm-up; probe 1 log; probe 2 job (per-neuron control vs 8-neuron leaves)
=== fff_probe2.sh START 16:35:25
[transformers] You have loaded a BitNet model on CPU and have a CUDA device available, make sure to set your model on a GPU device in order to run your model.
Loading weights:   0%|          | 0/332 [00:00<?, ?it/s]Loading weights: 100%|██████████| 332/332 [00:00<00:00, 4704.87it/s]
{"phase": 17, "event": "quantized BitLinears once", "n": 210, "layers": 30, "leaves": 6912, "t": "16:35:53", "s": 20.6, "rss_gb": 1.16, "gpu_gb": 4.72}
{"phase": 17, "event": "layer init", "layer": 0, "router_ce": 5.1661, "coverage_c": 0.822, "recall_k_start": 0.9341, "t": "16:36:23", "s": 51.2, "rss_gb": 2.73, "gpu_gb": 31.43}
{"phase": 17, "event": "layer init", "layer": 1, "router_ce": 3.8887, "coverage_c": 0.9671, "recall_k_start": 0.9954, "t": "16:36:30", "s": 58.2, "rss_gb": 2.74, "gpu_gb": 31.64}
{"phase": 17, "event": "layer init", "layer": 2, "router_ce": 3.9129, "coverage_c": 0.8188, "recall_k_start": 0.9936, "t": "16:36:38", "s": 65.7, "rss_gb": 2.74, "gpu_gb": 31.86}
{"phase": 17, "event": "layer init", "layer": 3, "router_ce": 4.2772, "coverage_c": 0.8996, "recall_k_start": 0.9849, "t": "16:36:46", "s": 73.9, "rss_gb": 2.74, "gpu_gb": 32.08}
{"phase": 17, "event": "layer init", "layer": 4, "router_ce": 4.47, "coverage_c": 0.863, "recall_k_start": 0.9822, "t": "16:36:54", "s": 82.1, "rss_gb": 2.74, "gpu_gb": 32.29}
{"phase": 17, "event": "layer init", "layer": 5, "router_ce": 5.0942, "coverage_c": 0.6902, "recall_k_start": 0.9804, "t": "16:37:03", "s": 90.5, "rss_gb": 2.74, "gpu_gb": 32.51}
{"phase": 17, "event": "layer init", "layer": 6, "router_ce": 4.952, "coverage_c": 0.7691, "recall_k_start": 0.9816, "t": "16:37:11", "s": 98.8, "rss_gb": 2.74, "gpu_gb": 32.73}
{"phase": 17, "event": "layer init", "layer": 7, "router_ce": 4.8503, "coverage_c": 0.8601, "recall_k_start": 0.9805, "t": "16:37:19", "s": 107.1, "rss_gb": 2.74, "gpu_gb": 32.94}
{"phase": 17, "event": "layer init", "layer": 8, "router_ce": 5.1671, "coverage_c": 0.795, "recall_k_start": 0.9744, "t": "16:37:28", "s": 115.4, "rss_gb": 2.74, "gpu_gb": 33.16}
{"phase": 17, "event": "layer init", "layer": 9, "router_ce": 5.5821, "coverage_c": 0.7386, "recall_k_start": 0.9646, "t": "16:37:36", "s": 123.7, "rss_gb": 2.74, "gpu_gb": 33.37}
{"phase": 17, "event": "layer init", "layer": 10, "router_ce": 5.6452, "coverage_c": 0.9393, "recall_k_start": 0.9584, "t": "16:37:44", "s": 132.0, "rss_gb": 2.74, "gpu_gb": 33.59}
{"phase": 17, "event": "layer init", "layer": 11, "router_ce": 5.9635, "coverage_c": 0.8813, "recall_k_start": 0.949, "t": "16:37:52", "s": 140.3, "rss_gb": 2.74, "gpu_gb": 33.81}
{"phase": 17, "event": "layer init", "layer": 12, "router_ce": 5.8682, "coverage_c": 0.9537, "recall_k_start": 0.951, "t": "16:38:01", "s": 148.6, "rss_gb": 2.74, "gpu_gb": 34.02}
{"phase": 17, "event": "layer init", "layer": 13, "router_ce": 5.9541, "coverage_c": 0.9155, "recall_k_start": 0.9473, "t": "16:38:09", "s": 156.9, "rss_gb": 2.74, "gpu_gb": 34.24}
{"phase": 17, "event": "layer init", "layer": 14, "router_ce": 5.827, "coverage_c": 0.9225, "recall_k_start": 0.9467, "t": "16:38:17", "s": 165.2, "rss_gb": 2.74, "gpu_gb": 34.46}
{"phase": 17, "event": "layer init", "layer": 15, "router_ce": 5.4304, "coverage_c": 0.954, "recall_k_start": 0.9514, "t": "16:38:26", "s": 173.5, "rss_gb": 2.74, "gpu_gb": 34.67}
{"phase": 17, "event": "layer init", "layer": 16, "router_ce": 5.4679, "coverage_c": 0.9759, "recall_k_start": 0.9585, "t": "16:38:34", "s": 181.8, "rss_gb": 2.74, "gpu_gb": 34.89}
{"phase": 17, "event": "layer init", "layer": 17, "router_ce": 5.1878, "coverage_c": 0.9677, "recall_k_start": 0.9686, "t": "16:38:42", "s": 190.1, "rss_gb": 2.74, "gpu_gb": 35.1}
{"phase": 17, "event": "layer init", "layer": 18, "router_ce": 4.669, "coverage_c": 0.9719, "recall_k_start": 0.9754, "t": "16:38:51", "s": 198.4, "rss_gb": 2.74, "gpu_gb": 35.32}
{"phase": 17, "event": "layer init", "layer": 19, "router_ce": 4.7788, "coverage_c": 0.9641, "recall_k_start": 0.9774, "t": "16:38:59", "s": 206.6, "rss_gb": 2.74, "gpu_gb": 35.54}
{"phase": 17, "event": "layer init", "layer": 20, "router_ce": 4.4283, "coverage_c": 0.9736, "recall_k_start": 0.9817, "t": "16:39:07", "s": 215.0, "rss_gb": 2.74, "gpu_gb": 35.75}
{"phase": 17, "event": "layer init", "layer": 21, "router_ce": 4.5036, "coverage_c": 0.9907, "recall_k_start": 0.9827, "t": "16:39:15", "s": 223.3, "rss_gb": 2.74, "gpu_gb": 35.97}
{"phase": 17, "event": "layer init", "layer": 22, "router_ce": 4.6781, "coverage_c": 0.959, "recall_k_start": 0.9832, "t": "16:39:24", "s": 231.6, "rss_gb": 2.74, "gpu_gb": 36.19}
{"phase": 17, "event": "layer init", "layer": 23, "router_ce": 4.5527, "coverage_c": 0.9724, "recall_k_start": 0.985, "t": "16:39:32", "s": 239.9, "rss_gb": 2.74, "gpu_gb": 36.4}
{"phase": 17, "event": "layer init", "layer": 24, "router_ce": 4.5251, "coverage_c": 0.9909, "recall_k_start": 0.9851, "t": "16:39:40", "s": 248.3, "rss_gb": 2.74, "gpu_gb": 36.62}
{"phase": 17, "event": "layer init", "layer": 25, "router_ce": 4.6826, "coverage_c": 0.9845, "recall_k_start": 0.9839, "t": "16:39:49", "s": 257.0, "rss_gb": 2.75, "gpu_gb": 36.83}
{"phase": 17, "event": "layer init", "layer": 26, "router_ce": 4.7019, "coverage_c": 0.9552, "recall_k_start": 0.9827, "t": "16:39:57", "s": 265.3, "rss_gb": 2.75, "gpu_gb": 37.05}
{"phase": 17, "event": "layer init", "layer": 27, "router_ce": 4.9935, "coverage_c": 0.9413, "recall_k_start": 0.9794, "t": "16:40:06", "s": 273.6, "rss_gb": 2.75, "gpu_gb": 37.27}
{"phase": 17, "event": "layer init", "layer": 28, "router_ce": 5.181, "coverage_c": 0.9002, "recall_k_start": 0.9746, "t": "16:40:14", "s": 281.9, "rss_gb": 2.75, "gpu_gb": 37.48}
{"phase": 17, "event": "layer init", "layer": 29, "router_ce": 5.2908, "coverage_c": 0.6199, "recall_k_start": 0.9719, "t": "16:40:22", "s": 290.3, "rss_gb": 2.75, "gpu_gb": 37.7}
{"phase": 17, "event": "eval", "step": 0, "k": 1536, "tokens_seen": 0, "wiki_ppl": 15.3555, "wiki_kl": 0.11193, "wiki_top1": 0.8289, "chat_ppl": 6.1026, "chat_kl": 0.18409, "chat_top1": 0.8238, "t": "16:40:28", "s": 295.6, "rss_gb": 2.77, "gpu_gb": 37.7}
{"phase": 17, "event": "start", "steps": 250, "tokens_per_step": 16384, "k": 1024, "k_start": 1536, "B_leaf": 1, "router": "flat", "t": "16:40:28", "s": 295.6, "rss_gb": 2.77, "gpu_gb": 37.7}
{"phase": 17, "event": "debug fwd done", "t": "16:40:44", "s": 311.9, "rss_gb": 4.01, "gpu_gb": 62.8}
{"phase": 17, "event": "debug bwd done", "t": "16:40:45", "s": 312.4, "rss_gb": 4.03, "gpu_gb": 62.8}
{"phase": 17, "event": "debug fwd done", "t": "16:40:45", "s": 313.1, "rss_gb": 4.03, "gpu_gb": 68.74}
{"phase": 17, "event": "debug bwd done", "t": "16:40:46", "s": 313.5, "rss_gb": 4.03, "gpu_gb": 68.74}
{"phase": 17, "event": "debug fwd done", "t": "16:40:46", "s": 314.1, "rss_gb": 4.04, "gpu_gb": 68.74}
{"phase": 17, "event": "debug bwd done", "t": "16:40:47", "s": 314.5, "rss_gb": 4.04, "gpu_gb": 68.74}
{"phase": 17, "event": "debug fwd done", "t": "16:40:47", "s": 315.1, "rss_gb": 4.04, "gpu_gb": 68.74}
{"phase": 17, "event": "debug bwd done", "t": "16:40:48", "s": 315.5, "rss_gb": 4.04, "gpu_gb": 68.74}
Traceback (most recent call last):
  File "/root/tree/bitnet/fff_distill.py", line 379, in <module>
    ls = model(x).logits[:, :-1]
         ^^^^^^^^
  File "/usr/local/lib/python3.12/dist-packages/torch/nn/modules/module.py", line 1773, in _wrapped_call_impl
    return self._call_impl(*args, **kwargs)
           ^^^^^^^^^^^^^^^^^^^^^^^^^^^^^^^^
  File "/usr/local/lib/python3.12/dist-packages/torch/nn/modules/module.py", line 1784, in _call_impl
    return forward_call(*args, **kwargs)
           ^^^^^^^^^^^^^^^^^^^^^^^^^^^^^
  File "/usr/local/lib/python3.12/dist-packages/transformers/utils/generic.py", line 939, in wrapper
    output = func(self, *args, **kwargs)
             ^^^^^^^^^^^^^^^^^^^^^^^^^^^
  File "/usr/local/lib/python3.12/dist-packages/transformers/models/bitnet/modeling_bitnet.py", line 479, in forward
    logits = self.lm_head(hidden_states[:, slice_indices, :])
             ^^^^^^^^^^^^^^^^^^^^^^^^^^^^^^^^^^^^^^^^^^^^^^^^
  File "/usr/local/lib/python3.12/dist-packages/torch/nn/modules/module.py", line 1773, in _wrapped_call_impl
    return self._call_impl(*args, **kwargs)
           ^^^^^^^^^^^^^^^^^^^^^^^^^^^^^^^^
  File "/usr/local/lib/python3.12/dist-packages/torch/nn/modules/module.py", line 1784, in _call_impl
    return forward_call(*args, **kwargs)
           ^^^^^^^^^^^^^^^^^^^^^^^^^^^^^
  File "/usr/local/lib/python3.12/dist-packages/torch/nn/modules/linear.py", line 125, in forward
    return F.linear(input, self.weight, self.bias)
           ^^^^^^^^^^^^^^^^^^^^^^^^^^^^^^^^^^^^^^^
torch.OutOfMemoryError: CUDA out of memory. Tried to allocate 1002.00 MiB. GPU 0 has a total capacity of 79.25 GiB of which 801.88 MiB is free. Process 1975059 has 78.46 GiB memory in use. Of the allocated memory 74.84 GiB is allocated by PyTorch, and 3.08 GiB is reserved by PyTorch but unallocated. If reserved but unallocated memory is large try setting PYTORCH_CUDA_ALLOC_CONF=expandable_segments:True to avoid fragmentation.  See documentation for Memory Management  (https://pytorch.org/docs/stable/notes/cuda.html#environment-variables)
[transformers] You have loaded a BitNet model on CPU and have a CUDA device available, make sure to set your model on a GPU device in order to run your model.
Loading weights:   0%|          | 0/332 [00:00<?, ?it/s]Loading weights: 100%|██████████| 332/332 [00:00<00:00, 4685.46it/s]
{"phase": 17, "event": "quantized BitLinears once", "n": 210, "layers": 30, "leaves": 864, "t": "16:41:03", "s": 2.8, "rss_gb": 1.09, "gpu_gb": 4.72}
{"phase": 17, "event": "layer init", "layer": 0, "router_ce": 4.5388, "coverage_c": 0.8429, "recall_k_start": 0.8319, "t": "16:41:29", "s": 28.2, "rss_gb": 2.67, "gpu_gb": 27.7}
{"phase": 17, "event": "layer init", "layer": 1, "router_ce": 3.6623, "coverage_c": 0.8919, "recall_k_start": 0.9457, "t": "16:41:35", "s": 34.2, "rss_gb": 2.67, "gpu_gb": 27.91}
{"phase": 17, "event": "layer init", "layer": 2, "router_ce": 3.8956, "coverage_c": 0.7083, "recall_k_start": 0.9292, "t": "16:41:41", "s": 40.6, "rss_gb": 2.67, "gpu_gb": 28.11}
{"phase": 17, "event": "layer init", "layer": 3, "router_ce": 4.201, "coverage_c": 0.7952, "recall_k_start": 0.8986, "t": "16:41:48", "s": 47.4, "rss_gb": 2.67, "gpu_gb": 28.32}
{"phase": 17, "event": "layer init", "layer": 4, "router_ce": 4.2454, "coverage_c": 0.7549, "recall_k_start": 0.8926, "t": "16:41:55", "s": 54.4, "rss_gb": 2.67, "gpu_gb": 28.52}
{"phase": 17, "event": "layer init", "layer": 5, "router_ce": 4.7723, "coverage_c": 0.627, "recall_k_start": 0.8767, "t": "16:42:02", "s": 61.9, "rss_gb": 2.67, "gpu_gb": 28.72}
{"phase": 17, "event": "layer init", "layer": 6, "router_ce": 4.6151, "coverage_c": 0.7085, "recall_k_start": 0.8895, "t": "16:42:09", "s": 68.9, "rss_gb": 2.67, "gpu_gb": 28.93}
{"phase": 17, "event": "layer init", "layer": 7, "router_ce": 4.5773, "coverage_c": 0.7694, "recall_k_start": 0.8826, "t": "16:42:16", "s": 76.0, "rss_gb": 2.67, "gpu_gb": 29.14}
{"phase": 17, "event": "layer init", "layer": 8, "router_ce": 4.835, "coverage_c": 0.6604, "recall_k_start": 0.8585, "t": "16:42:23", "s": 83.0, "rss_gb": 2.67, "gpu_gb": 29.34}
{"phase": 17, "event": "layer init", "layer": 9, "router_ce": 5.1668, "coverage_c": 0.6358, "recall_k_start": 0.8243, "t": "16:42:31", "s": 90.5, "rss_gb": 2.67, "gpu_gb": 29.54}
{"phase": 17, "event": "layer init", "layer": 10, "router_ce": 5.2063, "coverage_c": 0.7754, "recall_k_start": 0.8142, "t": "16:42:38", "s": 97.6, "rss_gb": 2.67, "gpu_gb": 29.75}
{"phase": 17, "event": "layer init", "layer": 11, "router_ce": 5.3856, "coverage_c": 0.7687, "recall_k_start": 0.7928, "t": "16:42:45", "s": 104.6, "rss_gb": 2.67, "gpu_gb": 29.95}
{"phase": 17, "event": "layer init", "layer": 12, "router_ce": 5.3097, "coverage_c": 0.8233, "recall_k_start": 0.7948, "t": "16:42:52", "s": 111.7, "rss_gb": 2.67, "gpu_gb": 30.16}
{"phase": 17, "event": "layer init", "layer": 13, "router_ce": 5.4283, "coverage_c": 0.7796, "recall_k_start": 0.7809, "t": "16:42:59", "s": 118.7, "rss_gb": 2.67, "gpu_gb": 30.36}
{"phase": 17, "event": "layer init", "layer": 14, "router_ce": 5.3169, "coverage_c": 0.8148, "recall_k_start": 0.7886, "t": "16:43:06", "s": 125.8, "rss_gb": 2.67, "gpu_gb": 30.57}
{"phase": 17, "event": "layer init", "layer": 15, "router_ce": 4.9757, "coverage_c": 0.8519, "recall_k_start": 0.8118, "t": "16:43:13", "s": 133.1, "rss_gb": 2.67, "gpu_gb": 30.77}
{"phase": 17, "event": "layer init", "layer": 16, "router_ce": 5.0673, "coverage_c": 0.8418, "recall_k_start": 0.8201, "t": "16:43:21", "s": 140.2, "rss_gb": 2.67, "gpu_gb": 30.98}
{"phase": 17, "event": "layer init", "layer": 17, "router_ce": 4.8247, "coverage_c": 0.8175, "recall_k_start": 0.8473, "t": "16:43:28", "s": 147.2, "rss_gb": 2.67, "gpu_gb": 31.18}
{"phase": 17, "event": "layer init", "layer": 18, "router_ce": 4.4344, "coverage_c": 0.8238, "recall_k_start": 0.871, "t": "16:43:35", "s": 154.2, "rss_gb": 2.67, "gpu_gb": 31.39}
{"phase": 17, "event": "layer init", "layer": 19, "router_ce": 4.5783, "coverage_c": 0.8713, "recall_k_start": 0.8731, "t": "16:43:42", "s": 161.8, "rss_gb": 2.67, "gpu_gb": 31.59}
{"phase": 17, "event": "layer init", "layer": 20, "router_ce": 4.3367, "coverage_c": 0.8784, "recall_k_start": 0.8826, "t": "16:43:49", "s": 169.0, "rss_gb": 2.67, "gpu_gb": 31.8}
{"phase": 17, "event": "layer init", "layer": 21, "router_ce": 4.4198, "coverage_c": 0.882, "recall_k_start": 0.8846, "t": "16:43:57", "s": 176.4, "rss_gb": 2.67, "gpu_gb": 32.0}
{"phase": 17, "event": "layer init", "layer": 22, "router_ce": 4.5012, "coverage_c": 0.852, "recall_k_start": 0.8877, "t": "16:44:04", "s": 183.5, "rss_gb": 2.67, "gpu_gb": 32.2}
{"phase": 17, "event": "layer init", "layer": 23, "router_ce": 4.3003, "coverage_c": 0.8939, "recall_k_start": 0.9014, "t": "16:44:11", "s": 190.6, "rss_gb": 2.67, "gpu_gb": 32.41}
{"phase": 17, "event": "layer init", "layer": 24, "router_ce": 4.2711, "coverage_c": 0.9042, "recall_k_start": 0.9056, "t": "16:44:18", "s": 197.8, "rss_gb": 2.67, "gpu_gb": 32.61}
{"phase": 17, "event": "layer init", "layer": 25, "router_ce": 4.4107, "coverage_c": 0.8879, "recall_k_start": 0.8996, "t": "16:44:26", "s": 205.2, "rss_gb": 2.67, "gpu_gb": 32.82}
{"phase": 17, "event": "layer init", "layer": 26, "router_ce": 4.3795, "coverage_c": 0.8583, "recall_k_start": 0.8986, "t": "16:44:33", "s": 212.4, "rss_gb": 2.67, "gpu_gb": 33.02}
{"phase": 17, "event": "layer init", "layer": 27, "router_ce": 4.5924, "coverage_c": 0.8524, "recall_k_start": 0.888, "t": "16:44:40", "s": 219.6, "rss_gb": 2.67, "gpu_gb": 33.23}
{"phase": 17, "event": "layer init", "layer": 28, "router_ce": 4.7105, "coverage_c": 0.8115, "recall_k_start": 0.8789, "t": "16:44:47", "s": 226.4, "rss_gb": 2.67, "gpu_gb": 33.44}
{"phase": 17, "event": "layer init", "layer": 29, "router_ce": 4.7355, "coverage_c": 0.5595, "recall_k_start": 0.8795, "t": "16:44:54", "s": 233.6, "rss_gb": 2.67, "gpu_gb": 33.64}
{"phase": 17, "event": "eval", "step": 0, "k": 1536, "tokens_seen": 0, "wiki_ppl": 20.9457, "wiki_kl": 0.50232, "wiki_top1": 0.6638, "chat_ppl": 10.9185, "chat_kl": 0.83378, "chat_top1": 0.6145, "t": "16:44:59", "s": 238.5, "rss_gb": 2.7, "gpu_gb": 33.64}
{"phase": 17, "event": "start", "steps": 250, "tokens_per_step": 16384, "k": 1024, "k_start": 1536, "B_leaf": 8, "router": "flat", "t": "16:44:59", "s": 238.5, "rss_gb": 2.7, "gpu_gb": 33.64}
{"phase": 17, "event": "debug fwd done", "t": "16:45:05", "s": 244.2, "rss_gb": 4.01, "gpu_gb": 53.23}
{"phase": 17, "event": "debug bwd done", "t": "16:45:05", "s": 244.6, "rss_gb": 4.02, "gpu_gb": 53.23}
{"phase": 17, "event": "debug fwd done", "t": "16:45:05", "s": 245.1, "rss_gb": 4.02, "gpu_gb": 59.18}
{"phase": 17, "event": "debug bwd done", "t": "16:45:06", "s": 245.5, "rss_gb": 4.02, "gpu_gb": 59.18}
{"phase": 17, "event": "debug fwd done", "t": "16:45:06", "s": 246.0, "rss_gb": 4.03, "gpu_gb": 59.18}
{"phase": 17, "event": "debug bwd done", "t": "16:45:07", "s": 246.4, "rss_gb": 4.03, "gpu_gb": 59.18}
{"phase": 17, "event": "debug fwd done", "t": "16:45:07", "s": 246.9, "rss_gb": 4.03, "gpu_gb": 59.18}
{"phase": 17, "event": "debug bwd done", "t": "16:45:08", "s": 247.3, "rss_gb": 4.03, "gpu_gb": 59.18}
{"phase": 17, "event": "train", "step": 10, "k": 1468, "train_kl": 0.79333, "router_ce": 5.6623, "tok_per_s": 3920.6, "tokens_seen": 163840, "t": "16:45:41", "s": 280.3, "rss_gb": 4.07, "gpu_gb": 71.25}
{"phase": 17, "event": "train", "step": 20, "k": 1399, "train_kl": 0.78052, "router_ce": 5.585, "tok_per_s": 4495.7, "tokens_seen": 327680, "t": "16:46:17", "s": 316.7, "rss_gb": 4.08, "gpu_gb": 71.25}
{"phase": 17, "event": "train", "step": 30, "k": 1331, "train_kl": 0.71144, "router_ce": 5.5143, "tok_per_s": 4494.7, "tokens_seen": 491520, "t": "16:46:54", "s": 353.1, "rss_gb": 4.1, "gpu_gb": 71.25}
{"phase": 17, "event": "train", "step": 40, "k": 1263, "train_kl": 0.74047, "router_ce": 5.4933, "tok_per_s": 4494.2, "tokens_seen": 655360, "t": "16:47:30", "s": 389.6, "rss_gb": 4.11, "gpu_gb": 71.25}
{"phase": 17, "event": "train", "step": 50, "k": 1195, "train_kl": 0.76604, "router_ce": 5.4856, "tok_per_s": 4495.2, "tokens_seen": 819200, "t": "16:48:06", "s": 426.1, "rss_gb": 4.12, "gpu_gb": 71.25}
{"phase": 17, "event": "train", "step": 60, "k": 1126, "train_kl": 0.82456, "router_ce": 5.4803, "tok_per_s": 4496.4, "tokens_seen": 983040, "t": "16:48:43", "s": 462.5, "rss_gb": 4.15, "gpu_gb": 71.25}
{"phase": 17, "event": "train", "step": 70, "k": 1058, "train_kl": 0.86927, "router_ce": 5.4695, "tok_per_s": 4494.1, "tokens_seen": 1146880, "t": "16:49:19", "s": 498.9, "rss_gb": 4.2, "gpu_gb": 71.25}
{"phase": 17, "event": "train", "step": 80, "k": 1024, "train_kl": 0.92514, "router_ce": 5.4745, "tok_per_s": 4504.7, "tokens_seen": 1310720, "t": "16:49:56", "s": 535.3, "rss_gb": 4.22, "gpu_gb": 71.25}
{"phase": 17, "event": "train", "step": 90, "k": 1024, "train_kl": 0.90249, "router_ce": 5.4575, "tok_per_s": 4509.6, "tokens_seen": 1474560, "t": "16:50:32", "s": 571.7, "rss_gb": 4.22, "gpu_gb": 71.25}
{"phase": 17, "event": "train", "step": 100, "k": 1024, "train_kl": 0.91428, "router_ce": 5.4793, "tok_per_s": 4511.5, "tokens_seen": 1638400, "t": "16:51:08", "s": 608.0, "rss_gb": 4.22, "gpu_gb": 71.25}
{"phase": 17, "event": "train", "step": 110, "k": 1024, "train_kl": 0.8516, "router_ce": 5.4226, "tok_per_s": 4511.1, "tokens_seen": 1802240, "t": "16:51:45", "s": 644.3, "rss_gb": 4.23, "gpu_gb": 71.25}
{"phase": 17, "event": "train", "step": 120, "k": 1024, "train_kl": 0.84327, "router_ce": 5.4174, "tok_per_s": 4510.6, "tokens_seen": 1966080, "t": "16:52:21", "s": 680.6, "rss_gb": 4.25, "gpu_gb": 71.25}
{"phase": 17, "event": "eval", "step": 125, "k": 1024, "tokens_seen": 2048000, "wiki_ppl": 29.0711, "wiki_kl": 0.78803, "wiki_top1": 0.5965, "chat_ppl": 11.6257, "chat_kl": 0.89745, "chat_top1": 0.6175, "t": "16:52:44", "s": 703.7, "rss_gb": 4.25, "gpu_gb": 71.25}
