NVIDIA GeForce RTX 3090, 24576 MiB, 580.65.06
pypi 200 0.103157s
Collecting transformers==5.18.0
Collecting accelerate
Collecting pyarrow
Collecting huggingface-hub<3.0,>=1.31.0 (from transformers==5.18.0)
Collecting regex>=2025.10.22 (from transformers==5.18.0)
Collecting tokenizers<0.24.0,>=0.23.1 (from transformers==5.18.0)
Collecting typer (from transformers==5.18.0)
Collecting safetensors>=0.8.0 (from transformers==5.18.0)
Collecting tqdm>=4.60 (from transformers==5.18.0)
Collecting click<9.0.0,>=8.4.2 (from huggingface-hub<3.0,>=1.31.0->transformers==5.18.0)
Collecting hf-xet<2.0.0,>=1.6.0 (from huggingface-hub<3.0,>=1.31.0->transformers==5.18.0)
Collecting httpx2<3,>=2.0.0 (from huggingface-hub<3.0,>=1.31.0->transformers==5.18.0)
Collecting httpcore2==2.13.1 (from httpx2<3,>=2.0.0->huggingface-hub<3.0,>=1.31.0->transformers==5.18.0)
Collecting idna>=3.18 (from httpx2<3,>=2.0.0->huggingface-hub<3.0,>=1.31.0->transformers==5.18.0)
Collecting truststore>=0.10 (from httpx2<3,>=2.0.0->huggingface-hub<3.0,>=1.31.0->transformers==5.18.0)
Collecting huggingface-hub<3.0,>=1.31.0 (from transformers==5.18.0)
Collecting shellingham>=1.3.0 (from typer->transformers==5.18.0)
Collecting rich>=13.8.0 (from typer->transformers==5.18.0)
Collecting annotated-doc>=0.0.2 (from typer->transformers==5.18.0)
Collecting markdown-it-py>=2.2.0 (from rich>=13.8.0->typer->transformers==5.18.0)
Collecting mdurl~=0.1 (from markdown-it-py>=2.2.0->rich>=13.8.0->typer->transformers==5.18.0)
Successfully installed accelerate-1.15.0 annotated-doc-0.0.5 click-8.5.0 hf-xet-1.6.0 huggingface-hub-1.33.0 idna-3.20 markdown-it-py-4.2.0 mdurl-0.1.2 pyarrow-25.0.1 regex-2026.9.29 rich-15.0.0 safetensors-0.8.0 shellingham-1.5.4 tokenizers-0.23.2 tqdm-4.70.1 transformers-5.18.0 typer-0.27.2
torch 2.8.0+cu128 True
a839da7 pod script: visible pip output with timeout/retry
=== phase12 START 00:56:24
[transformers] You have loaded a BitNet model on CPU and have a CUDA device available, make sure to set your model on a GPU device in order to run your model.
Loading weights:   0%|          | 0/332 [00:00<?, ?it/s]Loading weights: 100%|██████████| 332/332 [00:00<00:00, 8616.00it/s]
{"phase": 1, "event": "loaded", "s": 10.8, "layers": 30, "Hq": 20, "Hkv": 5, "hd": 128, "t": "00:56:38"}
{"phase": 1, "event": "data", "wiki_test_windows": 141, "chat_test_windows": 96, "calib_windows": 128, "t": "00:56:55"}
{"phase": 1, "event": "baseline", "data": "wikitext2_test", "T": 2048, "s": 36.6, "nll": 2.633651390557168, "ppl": 13.924521054294473, "tokens": 288627, "t": "00:57:32"}
{"phase": 1, "event": "baseline", "data": "ultrachat_test", "T": 2048, "s": 22.4, "nll": 1.4996001108949453, "ppl": 4.479897249995188, "tokens": 196512, "t": "00:57:54"}
{"phase": 1, "event": "baseline", "data": "wikitext2_test_sweepslice", "T": 2048, "s": 15.0, "nll": 2.6084179899199857, "ppl": 13.577554024886602, "tokens": 131008, "t": "00:58:09"}
{"phase": 1, "event": "baseline", "data": "ultrachat_test_sweepslice", "T": 2048, "s": 5.6, "nll": 1.4598778378515052, "ppl": 4.305433535206772, "tokens": 49128, "t": "00:58:15"}
[transformers] Both `max_new_tokens` (=60) and `max_length`(=4096) seem to have been set. `max_new_tokens` will take precedence. Please refer to the documentation for more information. (https://huggingface.co/docs/transformers/main/en/main_classes/text_generation)
{"phase": 1, "event": "generate", "text": "The sky appears blue due to the scattering of sunlight by the molecules in the Earth's atmosphere. This scattering causes shorter blue wavelengths to be scattered more than longer wavelengths, which is why we see the sky as blue.", "t": "00:58:19"}
{"phase": 1, "event": "peakedness", "layer": 0, "sink_mass": 0.1654, "tau4_keys_read": 0.0586, "tau4_mass_kept": 0.8534, "tau8_keys_read": 0.3511, "tau8_mass_kept": 0.99068, "tau12_keys_read": 0.6493, "tau12_mass_kept": 0.99983, "tau16_keys_read": 0.7645, "tau16_mass_kept": 1.0, "t": "00:58:20"}
{"phase": 1, "event": "peakedness", "layer": 7, "sink_mass": 0.0448, "tau4_keys_read": 0.0283, "tau4_mass_kept": 0.79952, "tau8_keys_read": 0.2942, "tau8_mass_kept": 0.97975, "tau12_keys_read": 0.782, "tau12_mass_kept": 0.99969, "tau16_keys_read": 0.9683, "tau16_mass_kept": 1.0, "t": "00:58:20"}
{"phase": 1, "event": "peakedness", "layer": 15, "sink_mass": 0.0294, "tau4_keys_read": 0.0331, "tau4_mass_kept": 0.83047, "tau8_keys_read": 0.3151, "tau8_mass_kept": 0.98158, "tau12_keys_read": 0.8291, "tau12_mass_kept": 0.99975, "tau16_keys_read": 0.9854, "tau16_mass_kept": 1.0, "t": "00:58:20"}
{"phase": 1, "event": "peakedness", "layer": 22, "sink_mass": 0.0379, "tau4_keys_read": 0.0167, "tau4_mass_kept": 0.81935, "tau8_keys_read": 0.2477, "tau8_mass_kept": 0.9734, "tau12_keys_read": 0.8281, "tau12_mass_kept": 0.99966, "tau16_keys_read": 0.9885, "tau16_mass_kept": 1.0, "t": "00:58:20"}
{"phase": 1, "event": "peakedness", "layer": 29, "sink_mass": 0.033, "tau4_keys_read": 0.114, "tau4_mass_kept": 0.68187, "tau8_keys_read": 0.7142, "tau8_mass_kept": 0.98443, "tau12_keys_read": 0.9677, "tau12_mass_kept": 0.99991, "tau16_keys_read": 0.998, "tau16_mass_kept": 1.0, "t": "00:58:20"}
{"phase": 2, "event": "identity_check", "kl": 0.0, "top1": 1.0, "t": "00:58:21"}
{"phase": 2, "event": "calib", "layer": 15, "keys_per_head": 262144, "t": "00:58:48"}
{"phase": 2, "layer": 15, "S": 16, "D": 4, "bytes_per_key_per_kvhead": 8.0, "exact_sink": false, "fit_s": 3.0, "score_rel_err": 0.3424, "wiki_ppl": 13.9143, "wiki_kl": 0.05016, "wiki_top1": 0.8823, "chat_ppl": 4.4355, "chat_kl": 0.04831, "chat_top1": 0.908, "t": "00:59:35"}
{"phase": 2, "layer": 15, "S": 32, "D": 4, "bytes_per_key_per_kvhead": 16.0, "exact_sink": false, "fit_s": 5.4, "score_rel_err": 0.3424, "wiki_ppl": 13.9143, "wiki_kl": 0.05016, "wiki_top1": 0.8823, "chat_ppl": 4.4355, "chat_kl": 0.04831, "chat_top1": 0.908, "t": "01:00:23"}
{"phase": 2, "layer": 15, "S": 48, "D": 4, "bytes_per_key_per_kvhead": 24.0, "exact_sink": false, "fit_s": 8.1, "score_rel_err": 0.3424, "wiki_ppl": 13.9143, "wiki_kl": 0.05016, "wiki_top1": 0.8823, "chat_ppl": 4.4355, "chat_kl": 0.04831, "chat_top1": 0.908, "t": "01:01:15"}
{"phase": 2, "layer": 15, "S": 64, "D": 4, "bytes_per_key_per_kvhead": 32.0, "exact_sink": false, "fit_s": 10.9, "score_rel_err": 0.3424, "wiki_ppl": 13.9143, "wiki_kl": 0.05016, "wiki_top1": 0.8823, "chat_ppl": 4.4355, "chat_kl": 0.04831, "chat_top1": 0.908, "t": "01:02:10"}
{"phase": 2, "layer": 15, "S": 96, "D": 4, "bytes_per_key_per_kvhead": 48.0, "exact_sink": false, "fit_s": 16.3, "score_rel_err": 0.3424, "wiki_ppl": 13.9143, "wiki_kl": 0.05016, "wiki_top1": 0.8823, "chat_ppl": 4.4355, "chat_kl": 0.04831, "chat_top1": 0.908, "t": "01:03:10"}
{"phase": 2, "layer": 15, "S": 32, "D": 4, "bytes_per_key_per_kvhead": 16.0, "exact_sink": true, "fit_s": 5.4, "score_rel_err": 0.34149, "wiki_ppl": 13.7246, "wiki_kl": 0.03243, "wiki_top1": 0.9034, "chat_ppl": 4.4358, "chat_kl": 0.033, "chat_top1": 0.9245, "t": "01:03:59"}
{"phase": 2, "layer": 2, "S": 32, "D": 4, "bytes_per_key_per_kvhead": 16.0, "exact_sink": false, "fit_s": 5.6, "score_rel_err": 0.19736, "wiki_ppl": 16.7887, "wiki_kl": 0.32267, "wiki_top1": 0.7215, "chat_ppl": 4.5545, "chat_kl": 0.20033, "chat_top1": 0.8298, "t": "01:05:15"}
{"phase": 2, "layer": 2, "S": 32, "D": 4, "bytes_per_key_per_kvhead": 16.0, "exact_sink": true, "fit_s": 5.5, "score_rel_err": 0.19717, "wiki_ppl": 16.5406, "wiki_kl": 0.28878, "wiki_top1": 0.7386, "chat_ppl": 4.5403, "chat_kl": 0.18586, "chat_top1": 0.837, "t": "01:06:04"}
{"phase": 2, "layer": 28, "S": 32, "D": 4, "bytes_per_key_per_kvhead": 16.0, "exact_sink": false, "fit_s": 5.7, "score_rel_err": 0.22595, "wiki_ppl": 14.2101, "wiki_kl": 0.01999, "wiki_top1": 0.9323, "chat_ppl": 4.3274, "chat_kl": 0.01213, "chat_top1": 0.9587, "t": "01:07:21"}
{"phase": 2, "layer": 28, "S": 32, "D": 4, "bytes_per_key_per_kvhead": 16.0, "exact_sink": true, "fit_s": 5.5, "score_rel_err": 0.22461, "wiki_ppl": 14.0598, "wiki_kl": 0.01383, "wiki_top1": 0.9426, "chat_ppl": 4.3152, "chat_kl": 0.00921, "chat_top1": 0.9635, "t": "01:08:10"}
{"event": "done", "total_s": 702.1, "t": "01:08:10"}
=== ALL DONE 01:08:11
