NVIDIA GeForce RTX 3090, 24576 MiB, 580.65.06
pypi 200 0.097918s
Collecting transformers==5.18.0
Collecting accelerate
Collecting pyarrow
Collecting huggingface-hub<3.0,>=1.31.0 (from transformers==5.18.0)
Collecting regex>=2025.10.22 (from transformers==5.18.0)
Collecting tokenizers<0.24.0,>=0.23.1 (from transformers==5.18.0)
Collecting typer (from transformers==5.18.0)
Collecting safetensors>=0.8.0 (from transformers==5.18.0)
Collecting tqdm>=4.60 (from transformers==5.18.0)
Collecting click<9.0.0,>=8.4.2 (from huggingface-hub<3.0,>=1.31.0->transformers==5.18.0)
Collecting hf-xet<2.0.0,>=1.6.0 (from huggingface-hub<3.0,>=1.31.0->transformers==5.18.0)
Collecting httpx2<3,>=2.0.0 (from huggingface-hub<3.0,>=1.31.0->transformers==5.18.0)
Collecting httpcore2==2.13.1 (from httpx2<3,>=2.0.0->huggingface-hub<3.0,>=1.31.0->transformers==5.18.0)
Collecting idna>=3.18 (from httpx2<3,>=2.0.0->huggingface-hub<3.0,>=1.31.0->transformers==5.18.0)
Collecting truststore>=0.10 (from httpx2<3,>=2.0.0->huggingface-hub<3.0,>=1.31.0->transformers==5.18.0)
Collecting huggingface-hub<3.0,>=1.31.0 (from transformers==5.18.0)
Collecting shellingham>=1.3.0 (from typer->transformers==5.18.0)
Collecting rich>=13.8.0 (from typer->transformers==5.18.0)
Collecting annotated-doc>=0.0.2 (from typer->transformers==5.18.0)
Collecting markdown-it-py>=2.2.0 (from rich>=13.8.0->typer->transformers==5.18.0)
Collecting mdurl~=0.1 (from markdown-it-py>=2.2.0->rich>=13.8.0->typer->transformers==5.18.0)
Successfully installed accelerate-1.15.0 annotated-doc-0.0.5 click-8.5.0 hf-xet-1.6.0 huggingface-hub-1.33.0 idna-3.20 markdown-it-py-4.2.0 mdurl-0.1.2 pyarrow-25.0.1 regex-2026.9.29 rich-15.0.0 safetensors-0.8.0 shellingham-1.5.4 tokenizers-0.23.2 tqdm-4.70.1 transformers-5.18.0 typer-0.27.2
torch 2.8.0+cu128 True
a6aefff phase 6: combined attention/MLP/head conversion; vocab round 2 results
=== p6.sh START 02:42:44
[transformers] You have loaded a BitNet model on CPU and have a CUDA device available, make sure to set your model on a GPU device in order to run your model.
Loading weights:   0%|          | 0/332 [00:00<?, ?it/s]Loading weights: 100%|██████████| 332/332 [00:00<00:00, 9166.37it/s]
{"event": "key trees", "S": 32, "s": 634.1, "t": "02:53:48"}
{"event": "vocab trees", "Sv": 128, "s": 43.0, "t": "02:54:39"}
{"phase": 6, "combo": "attn", "S": 32, "tau_sel": 8.0, "mlp": "frac=0.99", "Sv": 128, "N": 8192, "wiki_ppl": 13.9044, "wiki_kl": 0.00283, "wiki_top1": 0.9706, "chat_ppl": 4.5674, "chat_kl": 0.00208, "chat_top1": 0.9799, "kv_read_frac": 0.5635, "t": "02:58:39"}
{"phase": 6, "combo": "mlp", "S": 32, "tau_sel": 8.0, "mlp": "frac=0.99", "Sv": 128, "N": 8192, "wiki_ppl": 13.9342, "wiki_kl": 0.00277, "wiki_top1": 0.9706, "chat_ppl": 4.5705, "chat_kl": 0.00212, "chat_top1": 0.9796, "mlp_mean_k": 1915.7, "t": "03:01:24"}
{"phase": 6, "combo": "head", "S": 32, "tau_sel": 8.0, "mlp": "frac=0.99", "Sv": 128, "N": 8192, "wiki_ppl": 14.0799, "wiki_kl": 0.01415, "wiki_top1": 0.9996, "chat_ppl": 4.636, "chat_kl": 0.01571, "chat_top1": 0.9995, "t": "03:03:19"}
{"phase": 6, "combo": "attn+mlp", "S": 32, "tau_sel": 8.0, "mlp": "frac=0.99", "Sv": 128, "N": 8192, "wiki_ppl": 13.9155, "wiki_kl": 0.00305, "wiki_top1": 0.9697, "chat_ppl": 4.5731, "chat_kl": 0.00232, "chat_top1": 0.9787, "kv_read_frac": 0.564, "mlp_mean_k": 1915.9, "t": "03:08:43"}
