NVIDIA GeForce RTX 3090, 24576 MiB, 580.95.05
pypi 200 0.143203s
Collecting transformers==5.18.0
Collecting accelerate
Collecting pyarrow
Collecting huggingface-hub<3.0,>=1.31.0 (from transformers==5.18.0)
Collecting regex>=2025.10.22 (from transformers==5.18.0)
Collecting tokenizers<0.24.0,>=0.23.1 (from transformers==5.18.0)
Collecting typer (from transformers==5.18.0)
Collecting safetensors>=0.8.0 (from transformers==5.18.0)
Collecting tqdm>=4.60 (from transformers==5.18.0)
Collecting click<9.0.0,>=8.4.2 (from huggingface-hub<3.0,>=1.31.0->transformers==5.18.0)
Collecting hf-xet<2.0.0,>=1.6.0 (from huggingface-hub<3.0,>=1.31.0->transformers==5.18.0)
Collecting httpx2<3,>=2.0.0 (from huggingface-hub<3.0,>=1.31.0->transformers==5.18.0)
Collecting httpcore2==2.13.1 (from httpx2<3,>=2.0.0->huggingface-hub<3.0,>=1.31.0->transformers==5.18.0)
Collecting idna>=3.18 (from httpx2<3,>=2.0.0->huggingface-hub<3.0,>=1.31.0->transformers==5.18.0)
Collecting truststore>=0.10 (from httpx2<3,>=2.0.0->huggingface-hub<3.0,>=1.31.0->transformers==5.18.0)
Collecting huggingface-hub<3.0,>=1.31.0 (from transformers==5.18.0)
Collecting shellingham>=1.3.0 (from typer->transformers==5.18.0)
Collecting rich>=13.8.0 (from typer->transformers==5.18.0)
Collecting annotated-doc>=0.0.2 (from typer->transformers==5.18.0)
Collecting markdown-it-py>=2.2.0 (from rich>=13.8.0->typer->transformers==5.18.0)
Collecting mdurl~=0.1 (from markdown-it-py>=2.2.0->rich>=13.8.0->typer->transformers==5.18.0)
Successfully installed accelerate-1.15.0 annotated-doc-0.0.5 click-8.5.0 hf-xet-1.6.0 huggingface-hub-1.33.0 idna-3.20 markdown-it-py-4.2.0 mdurl-0.1.2 pyarrow-25.0.1 regex-2026.9.29 rich-15.0.0 safetensors-0.8.0 shellingham-1.5.4 tokenizers-0.23.2 tqdm-4.70.1 transformers-5.18.0 typer-0.27.2
torch 2.8.0+cu128 True
607f4cd notebook + runs: phase 2 (fixed) results
=== p3.sh START 01:31:05
[transformers] You have loaded a BitNet model on CPU and have a CUDA device available, make sure to set your model on a GPU device in order to run your model.
Loading weights:   0%|          | 0/332 [00:00<?, ?it/s]Loading weights: 100%|██████████| 332/332 [00:00<00:00, 10692.44it/s]
{"exp": "floor: custom exact attention, all layers", "wiki_ppl": 14.0201, "wiki_kl": 0.00259, "wiki_top1": 0.9714, "chat_ppl": 4.2685, "chat_kl": 0.00182, "chat_top1": 0.9817, "read_frac_mean": 1.0, "read_frac_by_layer": {"0": 1.0, "5": 1.0, "10": 1.0, "15": 1.0, "20": 1.0, "25": 1.0, "29": 1.0}, "t": "01:32:26"}
{"exp": "value pruning, all layers", "tau_v": 4.0, "wiki_ppl": 14.0731, "wiki_kl": 0.02743, "wiki_top1": 0.9152, "chat_ppl": 4.2806, "chat_kl": 0.01739, "chat_top1": 0.9444, "read_frac_mean": 0.041, "read_frac_by_layer": {"0": 0.054, "5": 0.044, "10": 0.037, "15": 0.039, "20": 0.036, "25": 0.028, "29": 0.137}, "t": "01:33:06"}
{"exp": "value pruning, all layers", "tau_v": 6.0, "wiki_ppl": 13.9673, "wiki_kl": 0.00599, "wiki_top1": 0.9586, "chat_ppl": 4.274, "chat_kl": 0.00419, "chat_top1": 0.9725, "read_frac_mean": 0.1403, "read_frac_by_layer": {"0": 0.162, "5": 0.155, "10": 0.122, "15": 0.123, "20": 0.129, "25": 0.114, "29": 0.397}, "t": "01:33:46"}
{"exp": "value pruning, all layers", "tau_v": 8.0, "wiki_ppl": 14.0052, "wiki_kl": 0.00289, "wiki_top1": 0.9695, "chat_ppl": 4.273, "chat_kl": 0.00217, "chat_top1": 0.9814, "read_frac_mean": 0.3495, "read_frac_by_layer": {"0": 0.331, "5": 0.369, "10": 0.301, "15": 0.314, "20": 0.335, "25": 0.338, "29": 0.683}, "t": "01:34:26"}
{"exp": "value pruning, all layers", "tau_v": 10.0, "wiki_ppl": 14.014, "wiki_kl": 0.0026, "wiki_top1": 0.9711, "chat_ppl": 4.2709, "chat_kl": 0.00187, "chat_top1": 0.9817, "read_frac_mean": 0.6255, "read_frac_by_layer": {"0": 0.506, "5": 0.632, "10": 0.565, "15": 0.598, "20": 0.613, "25": 0.655, "29": 0.869}, "t": "01:35:06"}
{"exp": "value pruning, all layers", "tau_v": 12.0, "wiki_ppl": 14.0108, "wiki_kl": 0.00257, "wiki_top1": 0.9718, "chat_ppl": 4.2682, "chat_kl": 0.00186, "chat_top1": 0.9811, "read_frac_mean": 0.8305, "read_frac_by_layer": {"0": 0.634, "5": 0.828, "10": 0.802, "15": 0.829, "20": 0.826, "25": 0.885, "29": 0.954}, "t": "01:35:46"}
{"exp": "floor one layer", "layer": 15, "wiki_ppl": 14.013, "wiki_kl": 0.00144, "wiki_top1": 0.9782, "chat_ppl": 4.2706, "chat_kl": 0.00111, "chat_top1": 0.9866, "read_frac_mean": 1.0, "read_frac_by_layer": {"15": 1.0}, "t": "01:36:38"}
{"exp": "replace (k_hat scores)", "layer": 15, "S": 16, "wiki_ppl": 14.0954, "wiki_kl": 0.0154, "wiki_top1": 0.9341, "chat_ppl": 4.3074, "chat_kl": 0.01354, "chat_top1": 0.9511, "read_frac_mean": 1.0, "read_frac_by_layer": {"15": 1.0}, "t": "01:37:11"}
{"exp": "select+rescore", "layer": 15, "S": 16, "tau_sel": 4.0, "recent": 64, "wiki_ppl": 14.0043, "wiki_kl": 0.00181, "wiki_top1": 0.976, "chat_ppl": 4.2676, "chat_kl": 0.00141, "chat_top1": 0.9836, "read_frac_mean": 0.0937, "read_frac_by_layer": {"15": 0.094}, "t": "01:37:36"}
{"exp": "select+rescore", "layer": 15, "S": 16, "tau_sel": 8.0, "recent": 64, "wiki_ppl": 14.0159, "wiki_kl": 0.00145, "wiki_top1": 0.9786, "chat_ppl": 4.271, "chat_kl": 0.00113, "chat_top1": 0.9855, "read_frac_mean": 0.6283, "read_frac_by_layer": {"15": 0.628}, "t": "01:38:01"}
{"exp": "select+rescore", "layer": 15, "S": 16, "tau_sel": 12.0, "recent": 64, "wiki_ppl": 14.0125, "wiki_kl": 0.00144, "wiki_top1": 0.9784, "chat_ppl": 4.2698, "chat_kl": 0.00111, "chat_top1": 0.9863, "read_frac_mean": 0.9777, "read_frac_by_layer": {"15": 0.978}, "t": "01:38:26"}
{"exp": "replace (k_hat scores)", "layer": 15, "S": 32, "wiki_ppl": 14.0745, "wiki_kl": 0.00864, "wiki_top1": 0.9504, "chat_ppl": 4.2939, "chat_kl": 0.00765, "chat_top1": 0.9628, "read_frac_mean": 1.0, "read_frac_by_layer": {"15": 1.0}, "t": "01:39:07"}
{"exp": "select+rescore", "layer": 15, "S": 32, "tau_sel": 4.0, "recent": 64, "wiki_ppl": 14.0016, "wiki_kl": 0.0018, "wiki_top1": 0.9758, "chat_ppl": 4.2668, "chat_kl": 0.00143, "chat_top1": 0.984, "read_frac_mean": 0.0786, "read_frac_by_layer": {"15": 0.079}, "t": "01:39:32"}
{"exp": "select+rescore", "layer": 15, "S": 32, "tau_sel": 8.0, "recent": 64, "wiki_ppl": 14.0213, "wiki_kl": 0.00146, "wiki_top1": 0.9784, "chat_ppl": 4.2712, "chat_kl": 0.00114, "chat_top1": 0.9852, "read_frac_mean": 0.5083, "read_frac_by_layer": {"15": 0.508}, "t": "01:39:57"}
{"exp": "select+rescore", "layer": 15, "S": 32, "tau_sel": 12.0, "recent": 64, "wiki_ppl": 14.0141, "wiki_kl": 0.00144, "wiki_top1": 0.9786, "chat_ppl": 4.2708, "chat_kl": 0.00112, "chat_top1": 0.9857, "read_frac_mean": 0.9489, "read_frac_by_layer": {"15": 0.949}, "t": "01:40:22"}
{"exp": "floor one layer", "layer": 2, "wiki_ppl": 14.0135, "wiki_kl": 0.00233, "wiki_top1": 0.9732, "chat_ppl": 4.2682, "chat_kl": 0.00177, "chat_top1": 0.9823, "read_frac_mean": 1.0, "read_frac_by_layer": {}, "t": "01:41:14"}
{"exp": "replace (k_hat scores)", "layer": 2, "S": 16, "wiki_ppl": 14.6981, "wiki_kl": 0.06882, "wiki_top1": 0.8722, "chat_ppl": 4.2397, "chat_kl": 0.04099, "chat_top1": 0.9246, "read_frac_mean": 1.0, "read_frac_by_layer": {}, "t": "01:41:47"}
{"exp": "select+rescore", "layer": 2, "S": 16, "tau_sel": 4.0, "recent": 64, "wiki_ppl": 14.0739, "wiki_kl": 0.00595, "wiki_top1": 0.9606, "chat_ppl": 4.2759, "chat_kl": 0.00309, "chat_top1": 0.9777, "read_frac_mean": 0.1379, "read_frac_by_layer": {}, "t": "01:42:12"}
{"exp": "select+rescore", "layer": 2, "S": 16, "tau_sel": 8.0, "recent": 64, "wiki_ppl": 14.0167, "wiki_kl": 0.0024, "wiki_top1": 0.973, "chat_ppl": 4.2691, "chat_kl": 0.00174, "chat_top1": 0.9824, "read_frac_mean": 0.6317, "read_frac_by_layer": {}, "t": "01:42:37"}
{"exp": "select+rescore", "layer": 2, "S": 16, "tau_sel": 12.0, "recent": 64, "wiki_ppl": 14.0156, "wiki_kl": 0.00233, "wiki_top1": 0.9732, "chat_ppl": 4.2674, "chat_kl": 0.00177, "chat_top1": 0.982, "read_frac_mean": 0.936, "read_frac_by_layer": {}, "t": "01:43:02"}
{"exp": "replace (k_hat scores)", "layer": 2, "S": 32, "wiki_ppl": 14.2018, "wiki_kl": 0.0312, "wiki_top1": 0.9108, "chat_ppl": 4.2495, "chat_kl": 0.01934, "chat_top1": 0.9474, "read_frac_mean": 1.0, "read_frac_by_layer": {}, "t": "01:43:43"}
{"exp": "select+rescore", "layer": 2, "S": 32, "tau_sel": 4.0, "recent": 64, "wiki_ppl": 14.0528, "wiki_kl": 0.00322, "wiki_top1": 0.969, "chat_ppl": 4.2665, "chat_kl": 0.00206, "chat_top1": 0.9818, "read_frac_mean": 0.1067, "read_frac_by_layer": {}, "t": "01:44:08"}
{"exp": "select+rescore", "layer": 2, "S": 32, "tau_sel": 8.0, "recent": 64, "wiki_ppl": 14.0137, "wiki_kl": 0.00236, "wiki_top1": 0.9728, "chat_ppl": 4.2698, "chat_kl": 0.00175, "chat_top1": 0.9823, "read_frac_mean": 0.508, "read_frac_by_layer": {}, "t": "01:44:33"}
{"exp": "select+rescore", "layer": 2, "S": 32, "tau_sel": 12.0, "recent": 64, "wiki_ppl": 14.0202, "wiki_kl": 0.00234, "wiki_top1": 0.9723, "chat_ppl": 4.2672, "chat_kl": 0.00172, "chat_top1": 0.982, "read_frac_mean": 0.8771, "read_frac_by_layer": {}, "t": "01:44:59"}
{"event": "done", "total_s": 829.4, "t": "01:44:59"}
[transformers] You have loaded a BitNet model on CPU and have a CUDA device available, make sure to set your model on a GPU device in order to run your model.
Loading weights:   0%|          | 0/332 [00:00<?, ?it/s]Loading weights: 100%|██████████| 332/332 [00:00<00:00, 6385.61it/s]
{"phase": 3, "mode": "select+rescore", "tau_sel": 8.0, "S": 32, "D": 4, "exact_sink": true, "bytes_per_key_per_kvhead": 16.0, "kv_cache_key_bytes_per_token": 2400, "fp16_key_bytes_per_token": 38400, "fit_s": 1969.6, "wiki_ppl": 13.9006, "wiki_kl": 0.00282, "wiki_top1": 0.9707, "chat_ppl": 4.566, "chat_kl": 0.0021, "chat_top1": 0.9798, "read_frac_mean": 0.5639, "t": "02:21:53"}
{"event": "done", "total_s": 2208.4, "t": "02:21:53"}
[transformers] You have loaded a BitNet model on CPU and have a CUDA device available, make sure to set your model on a GPU device in order to run your model.
Loading weights:   0%|          | 0/332 [00:00<?, ?it/s]Loading weights: 100%|██████████| 332/332 [00:00<00:00, 6686.59it/s]
{"phase": 3, "mode": "replace", "tau_sel": 0, "S": 64, "D": 4, "exact_sink": true, "bytes_per_key_per_kvhead": 32.0, "kv_cache_key_bytes_per_token": 4800, "fp16_key_bytes_per_token": 38400, "fit_s": 1790.3, "wiki_ppl": 16.0886, "wiki_kl": 0.17426, "wiki_top1": 0.7947, "chat_ppl": 4.9527, "chat_kl": 0.18003, "chat_top1": 0.8315, "t": "02:54:40"}
