NVIDIA GeForce RTX 3090, 24576 MiB, 580.65.06
pypi 200 0.095291s
Collecting transformers==5.18.0
Collecting accelerate
Collecting pyarrow
Collecting huggingface-hub<3.0,>=1.31.0 (from transformers==5.18.0)
Collecting regex>=2025.10.22 (from transformers==5.18.0)
Collecting tokenizers<0.24.0,>=0.23.1 (from transformers==5.18.0)
Collecting typer (from transformers==5.18.0)
Collecting safetensors>=0.8.0 (from transformers==5.18.0)
Collecting tqdm>=4.60 (from transformers==5.18.0)
Collecting click<9.0.0,>=8.4.2 (from huggingface-hub<3.0,>=1.31.0->transformers==5.18.0)
Collecting hf-xet<2.0.0,>=1.6.0 (from huggingface-hub<3.0,>=1.31.0->transformers==5.18.0)
Collecting httpx2<3,>=2.0.0 (from huggingface-hub<3.0,>=1.31.0->transformers==5.18.0)
Collecting httpcore2==2.13.1 (from httpx2<3,>=2.0.0->huggingface-hub<3.0,>=1.31.0->transformers==5.18.0)
Collecting idna>=3.18 (from httpx2<3,>=2.0.0->huggingface-hub<3.0,>=1.31.0->transformers==5.18.0)
Collecting truststore>=0.10 (from httpx2<3,>=2.0.0->huggingface-hub<3.0,>=1.31.0->transformers==5.18.0)
Collecting huggingface-hub<3.0,>=1.31.0 (from transformers==5.18.0)
Collecting shellingham>=1.3.0 (from typer->transformers==5.18.0)
Collecting rich>=13.8.0 (from typer->transformers==5.18.0)
Collecting annotated-doc>=0.0.2 (from typer->transformers==5.18.0)
Collecting markdown-it-py>=2.2.0 (from rich>=13.8.0->typer->transformers==5.18.0)
Collecting mdurl~=0.1 (from markdown-it-py>=2.2.0->rich>=13.8.0->typer->transformers==5.18.0)
Successfully installed accelerate-1.15.0 annotated-doc-0.0.5 click-8.5.0 hf-xet-1.6.0 huggingface-hub-1.33.0 idna-3.20 markdown-it-py-4.2.0 mdurl-0.1.2 pyarrow-25.0.1 regex-2026.9.29 rich-15.0.0 safetensors-0.8.0 shellingham-1.5.4 tokenizers-0.23.2 tqdm-4.70.1 transformers-5.18.0 typer-0.27.2
torch 2.8.0+cu128 True
b3bf750 phase 5: adaptive per-token energy-coverage selector; runs: phase 4b layers 2/28
=== p5.sh START 02:38:57
[transformers] You have loaded a BitNet model on CPU and have a CUDA device available, make sure to set your model on a GPU device in order to run your model.
Loading weights:   0%|          | 0/332 [00:00<?, ?it/s]Loading weights: 100%|██████████| 332/332 [00:00<00:00, 4816.37it/s]
{"phase": 5, "config": "gatee:0.995", "attn": "exact", "mlp_macs": 28369408, "dense_mlp_macs": 53084160, "wiki_ppl": 13.923, "wiki_kl": 0.00259, "wiki_top1": 0.9712, "chat_ppl": 4.5664, "chat_kl": 0.00196, "chat_top1": 0.9801, "mean_k": 2084.9, "t": "02:44:09"}
{"phase": 5, "config": "gatee:0.99", "attn": "exact", "mlp_macs": 27503104, "dense_mlp_macs": 53084160, "wiki_ppl": 13.9342, "wiki_kl": 0.00277, "wiki_top1": 0.9706, "chat_ppl": 4.5705, "chat_kl": 0.00212, "chat_top1": 0.9796, "mean_k": 1915.7, "t": "02:46:45"}
{"phase": 5, "config": "gatee:0.98", "attn": "exact", "mlp_macs": 26443264, "dense_mlp_macs": 53084160, "wiki_ppl": 13.9417, "wiki_kl": 0.00354, "wiki_top1": 0.966, "chat_ppl": 4.5828, "chat_kl": 0.00289, "chat_top1": 0.9758, "mean_k": 1708.7, "t": "02:49:19"}
{"phase": 5, "config": "gate:2048", "attn": "exact", "mlp_macs": 28180480, "dense_mlp_macs": 53084160, "wiki_ppl": 13.7332, "wiki_kl": 0.01864, "wiki_top1": 0.9252, "chat_ppl": 4.5895, "chat_kl": 0.0149, "chat_top1": 0.9498, "t": "02:51:35"}
{"phase": 5, "config": "gate:1536", "attn": "exact", "mlp_macs": 25559040, "dense_mlp_macs": 53084160, "wiki_ppl": 13.7189, "wiki_kl": 0.03685, "wiki_top1": 0.8953, "chat_ppl": 4.6617, "chat_kl": 0.02882, "chat_top1": 0.9308, "t": "02:54:14"}
{"event": "done", "total_s": 911.8, "t": "02:54:14"}
=== ALL DONE 02:54:16
